<testsuites name="jest tests" tests="1" failures="0" time="0.512">
  <testsuite name="undefined" errors="0" failures="0" skipped="0" timestamp="2024-09-06T15:00:29" time="0.512" tests="1">
    <testcase classname=" renders without crashing" name=" renders without crashing" time="0.024">
    </testcase>
  </testsuite>
</testsuites>